Carregando dados e gerando amostras LHC para treinamento e teste...
Amostras LHC para treinamento e teste geradas com sucesso!


Iteração 1/10 - Seed aleatória: 9022
Treinando MÉDIA para nii_6584_ew...
Treinando MÉDIA para halpha_ew...
Treinando MÉDIA para oiii_5007_ew...
Treinando MÉDIA para hbeta_ew...
Treinando DESVIO PADRÃO para nii_6584_ew...
Treinando DESVIO PADRÃO para halpha_ew...
Treinando DESVIO PADRÃO para oiii_5007_ew...
Treinando DESVIO PADRÃO para hbeta_ew...
Treinando COVARIÂNCIA para nii_6584_ew x halpha_ew...
Treinando COVARIÂNCIA para nii_6584_ew x oiii_5007_ew...
Treinando COVARIÂNCIA para nii_6584_ew x hbeta_ew...
Treinando COVARIÂNCIA para halpha_ew x oiii_5007_ew...
Treinando COVARIÂNCIA para halpha_ew x hbeta_ew...
Treinando COVARIÂNCIA para oiii_5007_ew x hbeta_ew...

--------------------------------------------------------------------------------
Escrito em results/equacoes_operon_n4d_all.html
Gerando novas amostras!
Estimando parâmetros de 31455 pontos do conjunto de validação para a Normal Multivariada...
Predições dos estimadores concluídas!

Amostragem multivariada iniciada..

  Progresso: 5000/31455 (15.9%)
  Progresso: 10000/31455 (31.8%)
  Progresso: 15000/31455 (47.7%)
  Progresso: 20000/31455 (63.6%)
  Progresso: 25000/31455 (79.5%)
  Progresso: 30000/31455 (95.4%)

Amostragem multivariada concluída!
   - Amostras: 31455
   - Matrizes corrigidas: 16372 (52.0%)

Estatísticas:
  nii_6584_ew : média=  0.693, std= 0.324, min= -0.772, max=  2.088
  halpha_ew   : média=  1.154, std= 0.425, min= -0.655, max=  2.681
  oiii_5007_ew: média=  0.290, std= 0.491, min= -1.281, max=  2.686
  hbeta_ew    : média=  0.497, std= 0.393, min= -1.121, max=  1.926
Porcentagem de matrizes corrigidas: 52.05%

Resumo das estatísticas de ajuste bidimensional no BPT para operon:
Energy     : 0.0020
Wasserstein: 0.0200
KS-2D      : 0.0020

**************************************************

Novo melhor seed até agora: 9022 (pior p-value = 0.0080)


Iteração 2/10 - Seed aleatória: 6019
Treinando MÉDIA para nii_6584_ew...
Treinando MÉDIA para halpha_ew...
Treinando MÉDIA para oiii_5007_ew...
Treinando MÉDIA para hbeta_ew...
Treinando DESVIO PADRÃO para nii_6584_ew...
Treinando DESVIO PADRÃO para halpha_ew...
Treinando DESVIO PADRÃO para oiii_5007_ew...
Treinando DESVIO PADRÃO para hbeta_ew...
Treinando COVARIÂNCIA para nii_6584_ew x halpha_ew...
Treinando COVARIÂNCIA para nii_6584_ew x oiii_5007_ew...
Treinando COVARIÂNCIA para nii_6584_ew x hbeta_ew...
Treinando COVARIÂNCIA para halpha_ew x oiii_5007_ew...
Treinando COVARIÂNCIA para halpha_ew x hbeta_ew...
Treinando COVARIÂNCIA para oiii_5007_ew x hbeta_ew...

--------------------------------------------------------------------------------
Escrito em results/equacoes_operon_n4d_all.html
Gerando novas amostras!
Estimando parâmetros de 31455 pontos do conjunto de validação para a Normal Multivariada...
Predições dos estimadores concluídas!

Amostragem multivariada iniciada..

  Progresso: 5000/31455 (15.9%)
  Progresso: 10000/31455 (31.8%)
  Progresso: 15000/31455 (47.7%)
  Progresso: 20000/31455 (63.6%)
  Progresso: 25000/31455 (79.5%)
  Progresso: 30000/31455 (95.4%)

Amostragem multivariada concluída!
   - Amostras: 31455
   - Matrizes corrigidas: 17266 (54.9%)

Estatísticas:
  nii_6584_ew : média=  0.703, std= 0.330, min= -0.975, max=  1.806
  halpha_ew   : média=  1.145, std= 0.421, min= -0.873, max=  2.944
  oiii_5007_ew: média=  0.299, std= 0.491, min= -1.434, max=  3.251
  hbeta_ew    : média=  0.482, std= 0.415, min= -1.494, max=  2.469
Porcentagem de matrizes corrigidas: 54.89%

Resumo das estatísticas de ajuste bidimensional no BPT para operon:
Energy     : 0.0040
Wasserstein: 0.0400
KS-2D      : 0.0020

**************************************************

Novo melhor seed até agora: 6019 (pior p-value = 0.0153)


Iteração 3/10 - Seed aleatória: 7339
Treinando MÉDIA para nii_6584_ew...
Treinando MÉDIA para halpha_ew...
Treinando MÉDIA para oiii_5007_ew...
Treinando MÉDIA para hbeta_ew...
Treinando DESVIO PADRÃO para nii_6584_ew...
Treinando DESVIO PADRÃO para halpha_ew...
Treinando DESVIO PADRÃO para oiii_5007_ew...
Treinando DESVIO PADRÃO para hbeta_ew...
Treinando COVARIÂNCIA para nii_6584_ew x halpha_ew...
Treinando COVARIÂNCIA para nii_6584_ew x oiii_5007_ew...
Treinando COVARIÂNCIA para nii_6584_ew x hbeta_ew...
Treinando COVARIÂNCIA para halpha_ew x oiii_5007_ew...
Treinando COVARIÂNCIA para halpha_ew x hbeta_ew...
Treinando COVARIÂNCIA para oiii_5007_ew x hbeta_ew...

--------------------------------------------------------------------------------
Escrito em results/equacoes_operon_n4d_all.html
Gerando novas amostras!
Estimando parâmetros de 31455 pontos do conjunto de validação para a Normal Multivariada...
Predições dos estimadores concluídas!

Amostragem multivariada iniciada..

  Progresso: 5000/31455 (15.9%)
  Progresso: 10000/31455 (31.8%)
  Progresso: 15000/31455 (47.7%)
  Progresso: 20000/31455 (63.6%)
  Progresso: 25000/31455 (79.5%)
  Progresso: 30000/31455 (95.4%)

Amostragem multivariada concluída!
   - Amostras: 31455
   - Matrizes corrigidas: 15337 (48.8%)

Estatísticas:
  nii_6584_ew : média=  0.703, std= 0.323, min= -0.710, max=  2.001
  halpha_ew   : média=  1.155, std= 0.447, min= -0.722, max=  2.745
  oiii_5007_ew: média=  0.314, std= 0.490, min= -1.316, max=  2.535
  hbeta_ew    : média=  0.496, std= 0.405, min= -1.145, max=  1.947
Porcentagem de matrizes corrigidas: 48.76%

Resumo das estatísticas de ajuste bidimensional no BPT para operon:
Energy     : 0.0040
Wasserstein: 0.0200
KS-2D      : 0.0020

**************************************************



Iteração 4/10 - Seed aleatória: 3003
Treinando MÉDIA para nii_6584_ew...
Treinando MÉDIA para halpha_ew...
Treinando MÉDIA para oiii_5007_ew...
Treinando MÉDIA para hbeta_ew...
Treinando DESVIO PADRÃO para nii_6584_ew...
Treinando DESVIO PADRÃO para halpha_ew...
Treinando DESVIO PADRÃO para oiii_5007_ew...
Treinando DESVIO PADRÃO para hbeta_ew...
Treinando COVARIÂNCIA para nii_6584_ew x halpha_ew...
Treinando COVARIÂNCIA para nii_6584_ew x oiii_5007_ew...
Treinando COVARIÂNCIA para nii_6584_ew x hbeta_ew...
Treinando COVARIÂNCIA para halpha_ew x oiii_5007_ew...
Treinando COVARIÂNCIA para halpha_ew x hbeta_ew...
Treinando COVARIÂNCIA para oiii_5007_ew x hbeta_ew...

--------------------------------------------------------------------------------
Escrito em results/equacoes_operon_n4d_all.html
Gerando novas amostras!
Estimando parâmetros de 31455 pontos do conjunto de validação para a Normal Multivariada...
Predições dos estimadores concluídas!

Amostragem multivariada iniciada..

  Progresso: 5000/31455 (15.9%)
  Progresso: 10000/31455 (31.8%)
  Progresso: 15000/31455 (47.7%)
  Progresso: 20000/31455 (63.6%)
  Progresso: 25000/31455 (79.5%)
  Progresso: 30000/31455 (95.4%)

Amostragem multivariada concluída!
   - Amostras: 31455
   - Matrizes corrigidas: 16122 (51.3%)

Estatísticas:
  nii_6584_ew : média=  0.710, std= 0.312, min= -0.697, max=  1.882
  halpha_ew   : média=  1.146, std= 0.430, min= -0.697, max=  2.942
  oiii_5007_ew: média=  0.315, std= 0.484, min= -1.223, max=  3.323
  hbeta_ew    : média=  0.497, std= 0.400, min= -1.270, max=  1.910
Porcentagem de matrizes corrigidas: 51.25%

Resumo das estatísticas de ajuste bidimensional no BPT para operon:
Energy     : 0.0020
Wasserstein: 0.1400
KS-2D      : 0.0020

**************************************************

Novo melhor seed até agora: 3003 (pior p-value = 0.0480)


Iteração 5/10 - Seed aleatória: 6538
Treinando MÉDIA para nii_6584_ew...
Treinando MÉDIA para halpha_ew...
Treinando MÉDIA para oiii_5007_ew...
Treinando MÉDIA para hbeta_ew...
Treinando DESVIO PADRÃO para nii_6584_ew...
Treinando DESVIO PADRÃO para halpha_ew...
Treinando DESVIO PADRÃO para oiii_5007_ew...
Treinando DESVIO PADRÃO para hbeta_ew...
Treinando COVARIÂNCIA para nii_6584_ew x halpha_ew...
Treinando COVARIÂNCIA para nii_6584_ew x oiii_5007_ew...
Treinando COVARIÂNCIA para nii_6584_ew x hbeta_ew...
Treinando COVARIÂNCIA para halpha_ew x oiii_5007_ew...
Treinando COVARIÂNCIA para halpha_ew x hbeta_ew...
Treinando COVARIÂNCIA para oiii_5007_ew x hbeta_ew...

--------------------------------------------------------------------------------
Escrito em results/equacoes_operon_n4d_all.html
Gerando novas amostras!
Estimando parâmetros de 31455 pontos do conjunto de validação para a Normal Multivariada...
Predições dos estimadores concluídas!

Amostragem multivariada iniciada..

  Progresso: 5000/31455 (15.9%)
  Progresso: 10000/31455 (31.8%)
  Progresso: 15000/31455 (47.7%)
  Progresso: 20000/31455 (63.6%)
  Progresso: 25000/31455 (79.5%)
  Progresso: 30000/31455 (95.4%)

Amostragem multivariada concluída!
   - Amostras: 31455
   - Matrizes corrigidas: 16222 (51.6%)

Estatísticas:
  nii_6584_ew : média=  0.710, std= 0.332, min= -0.852, max=  1.903
  halpha_ew   : média=  1.145, std= 0.437, min= -0.822, max=  2.734
  oiii_5007_ew: média=  0.333, std= 0.504, min= -1.236, max=  7.317
  hbeta_ew    : média=  0.494, std= 0.405, min= -1.311, max=  2.022
Porcentagem de matrizes corrigidas: 51.57%

Resumo das estatísticas de ajuste bidimensional no BPT para operon:
Energy     : 0.0020
Wasserstein: 0.1000
KS-2D      : 0.0020

**************************************************



Iteração 6/10 - Seed aleatória: 1969
Treinando MÉDIA para nii_6584_ew...
Treinando MÉDIA para halpha_ew...
Treinando MÉDIA para oiii_5007_ew...
Treinando MÉDIA para hbeta_ew...
Treinando DESVIO PADRÃO para nii_6584_ew...
Treinando DESVIO PADRÃO para halpha_ew...
Treinando DESVIO PADRÃO para oiii_5007_ew...
Treinando DESVIO PADRÃO para hbeta_ew...
Treinando COVARIÂNCIA para nii_6584_ew x halpha_ew...
Treinando COVARIÂNCIA para nii_6584_ew x oiii_5007_ew...
Treinando COVARIÂNCIA para nii_6584_ew x hbeta_ew...
Treinando COVARIÂNCIA para halpha_ew x oiii_5007_ew...
Treinando COVARIÂNCIA para halpha_ew x hbeta_ew...
Treinando COVARIÂNCIA para oiii_5007_ew x hbeta_ew...

--------------------------------------------------------------------------------
Escrito em results/equacoes_operon_n4d_all.html
Gerando novas amostras!
Estimando parâmetros de 31455 pontos do conjunto de validação para a Normal Multivariada...
Predições dos estimadores concluídas!

Amostragem multivariada iniciada..

  Progresso: 5000/31455 (15.9%)
  Progresso: 10000/31455 (31.8%)
  Progresso: 15000/31455 (47.7%)
  Progresso: 20000/31455 (63.6%)
  Progresso: 25000/31455 (79.5%)
  Progresso: 30000/31455 (95.4%)

Amostragem multivariada concluída!
   - Amostras: 31455
   - Matrizes corrigidas: 16125 (51.3%)

Estatísticas:
  nii_6584_ew : média=  0.697, std= 0.322, min= -0.755, max=  1.923
  halpha_ew   : média=  1.142, std= 0.442, min= -0.808, max=  2.918
  oiii_5007_ew: média=  0.292, std= 0.475, min= -1.363, max=  3.230
  hbeta_ew    : média=  0.490, std= 0.397, min= -1.251, max=  2.141
Porcentagem de matrizes corrigidas: 51.26%

Resumo das estatísticas de ajuste bidimensional no BPT para operon:
Energy     : 0.0020
Wasserstein: 0.0250
KS-2D      : 0.0020

**************************************************



Iteração 7/10 - Seed aleatória: 3170
Treinando MÉDIA para nii_6584_ew...
Treinando MÉDIA para halpha_ew...
Treinando MÉDIA para oiii_5007_ew...
Treinando MÉDIA para hbeta_ew...
Treinando DESVIO PADRÃO para nii_6584_ew...
Treinando DESVIO PADRÃO para halpha_ew...
Treinando DESVIO PADRÃO para oiii_5007_ew...
Treinando DESVIO PADRÃO para hbeta_ew...
Treinando COVARIÂNCIA para nii_6584_ew x halpha_ew...
Treinando COVARIÂNCIA para nii_6584_ew x oiii_5007_ew...
Treinando COVARIÂNCIA para nii_6584_ew x hbeta_ew...
Treinando COVARIÂNCIA para halpha_ew x oiii_5007_ew...
Treinando COVARIÂNCIA para halpha_ew x hbeta_ew...
Treinando COVARIÂNCIA para oiii_5007_ew x hbeta_ew...

--------------------------------------------------------------------------------
Escrito em results/equacoes_operon_n4d_all.html
Gerando novas amostras!
Estimando parâmetros de 31455 pontos do conjunto de validação para a Normal Multivariada...
Predições dos estimadores concluídas!

Amostragem multivariada iniciada..

  Progresso: 5000/31455 (15.9%)
  Progresso: 10000/31455 (31.8%)
  Progresso: 15000/31455 (47.7%)
  Progresso: 20000/31455 (63.6%)
  Progresso: 25000/31455 (79.5%)
  Progresso: 30000/31455 (95.4%)

Amostragem multivariada concluída!
   - Amostras: 31455
   - Matrizes corrigidas: 16766 (53.3%)

Estatísticas:
  nii_6584_ew : média=  0.703, std= 0.327, min= -0.878, max=  1.986
  halpha_ew   : média=  1.148, std= 0.444, min= -1.103, max=  2.510
  oiii_5007_ew: média=  0.301, std= 0.486, min= -1.471, max=  2.482
  hbeta_ew    : média=  0.495, std= 0.396, min= -1.196, max=  1.814
Porcentagem de matrizes corrigidas: 53.30%

Resumo das estatísticas de ajuste bidimensional no BPT para operon:
Energy     : 0.0020
Wasserstein: 0.0600
KS-2D      : 0.0020

**************************************************



Iteração 8/10 - Seed aleatória: 4991
Treinando MÉDIA para nii_6584_ew...
Treinando MÉDIA para halpha_ew...
Treinando MÉDIA para oiii_5007_ew...
Treinando MÉDIA para hbeta_ew...
Treinando DESVIO PADRÃO para nii_6584_ew...
Treinando DESVIO PADRÃO para halpha_ew...
Treinando DESVIO PADRÃO para oiii_5007_ew...
Treinando DESVIO PADRÃO para hbeta_ew...
Treinando COVARIÂNCIA para nii_6584_ew x halpha_ew...
Treinando COVARIÂNCIA para nii_6584_ew x oiii_5007_ew...
Treinando COVARIÂNCIA para nii_6584_ew x hbeta_ew...
Treinando COVARIÂNCIA para halpha_ew x oiii_5007_ew...
Treinando COVARIÂNCIA para halpha_ew x hbeta_ew...
Treinando COVARIÂNCIA para oiii_5007_ew x hbeta_ew...

--------------------------------------------------------------------------------
Escrito em results/equacoes_operon_n4d_all.html
Gerando novas amostras!
Estimando parâmetros de 31455 pontos do conjunto de validação para a Normal Multivariada...
Predições dos estimadores concluídas!

Amostragem multivariada iniciada..

  Progresso: 5000/31455 (15.9%)
  Progresso: 10000/31455 (31.8%)
  Progresso: 15000/31455 (47.7%)
  Progresso: 20000/31455 (63.6%)
  Progresso: 25000/31455 (79.5%)
  Progresso: 30000/31455 (95.4%)

Amostragem multivariada concluída!
   - Amostras: 31455
   - Matrizes corrigidas: 16102 (51.2%)

Estatísticas:
  nii_6584_ew : média=  0.713, std= 0.311, min= -0.759, max=  1.856
  halpha_ew   : média=  1.131, std= 0.459, min= -0.950, max=  2.822
  oiii_5007_ew: média=  0.321, std= 0.487, min= -1.279, max=  3.806
  hbeta_ew    : média=  0.489, std= 0.394, min= -1.279, max=  2.048
Porcentagem de matrizes corrigidas: 51.19%

Resumo das estatísticas de ajuste bidimensional no BPT para operon:
Energy     : 0.0020
Wasserstein: 0.1600
KS-2D      : 0.0020

**************************************************

Novo melhor seed até agora: 4991 (pior p-value = 0.0547)


Iteração 9/10 - Seed aleatória: 7764
Treinando MÉDIA para nii_6584_ew...
Treinando MÉDIA para halpha_ew...
Treinando MÉDIA para oiii_5007_ew...
Treinando MÉDIA para hbeta_ew...
Treinando DESVIO PADRÃO para nii_6584_ew...
Treinando DESVIO PADRÃO para halpha_ew...
Treinando DESVIO PADRÃO para oiii_5007_ew...
Treinando DESVIO PADRÃO para hbeta_ew...
Treinando COVARIÂNCIA para nii_6584_ew x halpha_ew...
Treinando COVARIÂNCIA para nii_6584_ew x oiii_5007_ew...
Treinando COVARIÂNCIA para nii_6584_ew x hbeta_ew...
Treinando COVARIÂNCIA para halpha_ew x oiii_5007_ew...
Treinando COVARIÂNCIA para halpha_ew x hbeta_ew...
Treinando COVARIÂNCIA para oiii_5007_ew x hbeta_ew...

--------------------------------------------------------------------------------
Escrito em results/equacoes_operon_n4d_all.html
Gerando novas amostras!
Estimando parâmetros de 31455 pontos do conjunto de validação para a Normal Multivariada...
Predições dos estimadores concluídas!

Amostragem multivariada iniciada..

  Progresso: 5000/31455 (15.9%)
  Progresso: 10000/31455 (31.8%)
  Progresso: 15000/31455 (47.7%)
  Progresso: 20000/31455 (63.6%)
  Progresso: 25000/31455 (79.5%)
  Progresso: 30000/31455 (95.4%)

Amostragem multivariada concluída!
   - Amostras: 31455
   - Matrizes corrigidas: 16209 (51.5%)

Estatísticas:
  nii_6584_ew : média=  0.699, std= 0.328, min= -0.815, max=  1.888
  halpha_ew   : média=  1.139, std= 0.472, min= -1.375, max=  2.975
  oiii_5007_ew: média=  0.304, std= 0.483, min= -1.391, max=  2.934
  hbeta_ew    : média=  0.500, std= 1.249, min= -1.217, max=210.099
Porcentagem de matrizes corrigidas: 51.53%

Resumo das estatísticas de ajuste bidimensional no BPT para operon:
Energy     : 0.0020
Wasserstein: 0.0500
KS-2D      : 0.0020

**************************************************



Iteração 10/10 - Seed aleatória: 7439
Treinando MÉDIA para nii_6584_ew...
Treinando MÉDIA para halpha_ew...
Treinando MÉDIA para oiii_5007_ew...
Treinando MÉDIA para hbeta_ew...
Treinando DESVIO PADRÃO para nii_6584_ew...
Treinando DESVIO PADRÃO para halpha_ew...
Treinando DESVIO PADRÃO para oiii_5007_ew...
Treinando DESVIO PADRÃO para hbeta_ew...
Treinando COVARIÂNCIA para nii_6584_ew x halpha_ew...
Treinando COVARIÂNCIA para nii_6584_ew x oiii_5007_ew...
Treinando COVARIÂNCIA para nii_6584_ew x hbeta_ew...
Treinando COVARIÂNCIA para halpha_ew x oiii_5007_ew...
Treinando COVARIÂNCIA para halpha_ew x hbeta_ew...
Treinando COVARIÂNCIA para oiii_5007_ew x hbeta_ew...

--------------------------------------------------------------------------------
Escrito em results/equacoes_operon_n4d_all.html
Gerando novas amostras!
Estimando parâmetros de 31455 pontos do conjunto de validação para a Normal Multivariada...
Predições dos estimadores concluídas!

Amostragem multivariada iniciada..

  Progresso: 5000/31455 (15.9%)
  Progresso: 10000/31455 (31.8%)
  Progresso: 15000/31455 (47.7%)
  Progresso: 20000/31455 (63.6%)
  Progresso: 25000/31455 (79.5%)
  Progresso: 30000/31455 (95.4%)

Amostragem multivariada concluída!
   - Amostras: 31455
   - Matrizes corrigidas: 16623 (52.8%)

Estatísticas:
  nii_6584_ew : média=  0.709, std= 0.316, min= -0.736, max=  1.861
  halpha_ew   : média=  1.149, std= 0.446, min= -0.996, max=  2.792
  oiii_5007_ew: média=  0.316, std= 0.472, min= -1.347, max=  3.110
  hbeta_ew    : média=  0.491, std= 0.404, min= -1.276, max=  2.914
Porcentagem de matrizes corrigidas: 52.85%

Resumo das estatísticas de ajuste bidimensional no BPT para operon:
Energy     : 0.0020
Wasserstein: 0.1850
KS-2D      : 0.0020

**************************************************

Novo melhor seed até agora: 7439 (pior p-value = 0.0630)

Nenhuma seed atingiu todos os p-values > 5.0e-02 em 10 iterações.
Melhor seed encontrada mesmo assim: 7439 (pior p-value=0.0630)
